
> de-kites@0.1.0 build
> next build

Γû▓ Next.js 16.1.6 (Turbopack)
- Environments: .env

  Creating an optimized production build ...
Γ£ô Compiled successfully in 10.4s
  Running TypeScript ...
node.exe : Failed to compile.
At C:\Program Files\nodejs\npm.ps1:29 
char:3
+   & $NODE_EXE $NPM_CLI_JS $args
+   ~~~~~~~~~~~~~~~~~~~~~~~~~~~~~
    + CategoryInfo          : NotSpecifi 
   ed: (Failed to compile.:String) [],   
  RemoteException
    + FullyQualifiedErrorId : NativeComm 
   andError
 

./src/app/admin/dashboard/page.tsx:491:49
Type error: Type '(value: number) => 
[string, "Pendapatan"]' is not 
assignable to type 'Formatter<number, 
"Pendapatan"> & ((value: number, name: 
"Pendapatan", item: Payload<number, 
"Pendapatan">, index: number, payload: 
Payload<number, "Pendapatan">[]) => 
ReactNode | [...])'.
  Type '(value: number) => [string, 
"Pendapatan"]' is not assignable to type 
'Formatter<number, "Pendapatan">'.
    Types of parameters 'value' and 
'value' are incompatible.
      Type 'number | undefined' is not 
assignable to type 'number'.
        Type 'undefined' is not 
assignable to type 'number'.

[0m [90m 489 |[39m                    
                             
contentStyle[33m=[39m{{ 
backgroundColor[33m:[39m 
[32m'#020617'[39m[33m,[39m 
borderColor[33m:[39m 
[32m'#1e293b'[39m[33m,[39m 
borderRadius[33m:[39m 
[32m'4px'[39m[33m,[39m 
fontSize[33m:[39m [32m'12px'[39m }}
 [90m 490 |[39m                        
                         
itemStyle[33m=[39m{{ color[33m:[39m 
[32m'#10b981'[39m[33m,[39m 
fontWeight[33m:[39m [32m'bold'[39m }}
[31m[1m>[22m[39m[90m 491 |[39m     
                                         
   
formatter[33m=[39m{(value[33m:[39m 
number) [33m=>[39m [[32m`Rp ${value.to
LocaleString("id-ID")}`[39m[33m,[39m 
[32m"Pendapatan"[39m]}
 [90m     |[39m                        
                         
[31m[1m^[22m[39m
 [90m 492 |[39m                        
                         
labelStyle[33m=[39m{{ color[33m:[39m 
[32m'#94a3b8'[39m[33m,[39m 
marginBottom[33m:[39m [32m'4px'[39m 
}}
 [90m 493 |[39m                        
                     
[33m/[39m[33m>[39m
 [90m 494 |[39m                        
                     
[33m<[39m[33mArea[39m 
type[33m=[39m[32m"monotone"[39m 
dataKey[33m=[39m[32m"total"[39m 
stroke[33m=[39m[32m"#10b981"[39m 
strokeWidth[33m=[39m{[35m3[39m} 
fillOpacity[33m=[39m{[35m1[39m} fill
[33m=[39m[32m"url(#colorTotal)"[39m 
[33m/[39m[33m>[39m[0m
Next.js build worker exited with code: 1 
and signal: null
