src/app/api/webhooks/polar/route.ts(21,26): error TS2322: Type 'MetadataOutputType' is not assignable to type 'string | undefined'.
  Type 'number' is not assignable to type 'string'.
